// Jest Snapshot v1, https://goo.gl/fbAQLP

exports[`<TableAPI /> renders pagination with a select 1`] = `
<div
  className="mb-3 form-floating form-group d-flex"
>
  <div
    className="form-floating"
    id="page"
  >
    <select
      className="col   form-select"
      id="page"
      name="page"
      onChange={[Function]}
      value={1}
    >
      <option
        value={1}
      >
        1
      </option>
    </select>
    <label>
      Page
    </label>
  </div>
</div>
`;

exports[`<TableAPI /> renders regular pagination 1`] = `
<ul
  className="pagination"
>
  <li
    className="page-item active"
  >
    <span
      className="page-link"
      disabled={false}
      onClick={[Function]}
    >
      <span
        aria-hidden="true"
      >
        «
      </span>
      <span
        className="visually-hidden"
      >
        First
      </span>
      <span
        className="visually-hidden"
      >
        (current)
      </span>
    </span>
  </li>
  <li
    className="page-item active"
  >
    <span
      className="page-link"
      disabled={false}
      onClick={[Function]}
    >
      <span
        aria-hidden="true"
      >
        ‹
      </span>
      <span
        className="visually-hidden"
      >
        Previous
      </span>
      <span
        className="visually-hidden"
      >
        (current)
      </span>
    </span>
  </li>
  <li
    className="page-item active"
  >
    <span
      className="page-link"
      disabled={false}
      onClick={[Function]}
    >
      1
      <span
        className="visually-hidden"
      >
        (current)
      </span>
    </span>
  </li>
  <li
    className="page-item"
  >
    <a
      className="page-link"
      onClick={[Function]}
      onKeyDown={[Function]}
      role="button"
      tabIndex={0}
    >
      2
    </a>
  </li>
  <li
    className="page-item"
  >
    <a
      className="page-link"
      onClick={[Function]}
      onKeyDown={[Function]}
      role="button"
      tabIndex={0}
    >
      3
    </a>
  </li>
  <li
    className="page-item"
  >
    <a
      className="page-link"
      onClick={[Function]}
      onKeyDown={[Function]}
      role="button"
      tabIndex={0}
    >
      4
    </a>
  </li>
  <li
    className="page-item"
  >
    <a
      className="page-link"
      onClick={[Function]}
      onKeyDown={[Function]}
      role="button"
      tabIndex={0}
    >
      5
    </a>
  </li>
  <li
    className="page-item"
  >
    <a
      className="page-link"
      onClick={[Function]}
      onKeyDown={[Function]}
      role="button"
      tabIndex={0}
    >
      6
    </a>
  </li>
  <li
    className="page-item"
  >
    <a
      className="page-link"
      onClick={[Function]}
      onKeyDown={[Function]}
      role="button"
      tabIndex={0}
    >
      7
    </a>
  </li>
  <li
    className="page-item"
  >
    <a
      className="page-link"
      onClick={[Function]}
      onKeyDown={[Function]}
      role="button"
      tabIndex={0}
    >
      8
    </a>
  </li>
  <li
    className="page-item"
  >
    <a
      className="page-link"
      onClick={[Function]}
      onKeyDown={[Function]}
      role="button"
      tabIndex={0}
    >
      9
    </a>
  </li>
  <li
    className="page-item"
  >
    <a
      className="page-link"
      onClick={[Function]}
      onKeyDown={[Function]}
      role="button"
      tabIndex={0}
    >
      <span
        aria-hidden="true"
      >
        ›
      </span>
      <span
        className="visually-hidden"
      >
        Next
      </span>
    </a>
  </li>
  <li
    className="page-item"
  >
    <a
      className="page-link"
      onClick={[Function]}
      onKeyDown={[Function]}
      role="button"
      tabIndex={0}
    >
      <span
        aria-hidden="true"
      >
        »
      </span>
      <span
        className="visually-hidden"
      >
        Last
      </span>
    </a>
  </li>
</ul>
`;

exports[`<TableAPI /> renders sortable headers 1`] = `
<thead>
  <tr>
    <th
      className="text-left align-middle"
    >
      Title
    </th>
    <th
      className="c-pointer text-left align-middle"
      onClick={[Function]}
    >
      First Name
       
      <span
        className="float-right ms-1"
      >
        <i
          className="icon fas fa-sort   fa-1x "
        />
      </span>
    </th>
    <th
      className="c-pointer text-left align-middle"
      onClick={[Function]}
    >
      Last Name
       
      <span
        className="float-right ms-1"
      >
        <i
          className="icon fas fa-sort   fa-1x "
        />
      </span>
    </th>
    <th
      className="c-pointer text-left align-middle"
      onClick={[Function]}
    >
      Email
       
      <span
        className="float-right ms-1"
      >
        <i
          className="icon fas fa-sort   fa-1x "
        />
      </span>
    </th>
    <th
      className="c-pointer text-left align-middle"
      onClick={[Function]}
    >
      City
       
      <span
        className="float-right ms-1"
      >
        <i
          className="icon fas fa-sort   fa-1x "
        />
      </span>
    </th>
  </tr>
</thead>
`;
